#
# Autogenerated by generate-bytecode-expectations.
#

---
pool type: number
execute: yes
wrap: yes

---
snippet: "
  return; var a = 1; a();
"
frame size: 1
parameter count: 1
bytecode array length: 3
bytecodes: [
  B(StackCheck),
  B(LdaUndefined),
  B(Return),
]
constant pool: [
]
handlers: [
]

---
snippet: "
  if (false) { return; }; var a = 1;
"
frame size: 1
parameter count: 1
bytecode array length: 7
bytecodes: [
  B(StackCheck),
  B(LdaSmi), U8(1),
  B(Star), R(0),
  B(LdaUndefined),
  B(Return),
]
constant pool: [
]
handlers: [
]

---
snippet: "
  if (true) { return 1; } else { return 2; };
"
frame size: 0
parameter count: 1
bytecode array length: 4
bytecodes: [
  B(StackCheck),
  B(LdaSmi), U8(1),
  B(Return),
]
constant pool: [
]
handlers: [
]

---
snippet: "
  var a = 1; if (a) { return 1; }; return 2;
"
frame size: 1
parameter count: 1
bytecode array length: 13
bytecodes: [
  B(StackCheck),
  B(LdaSmi), U8(1),
  B(Star), R(0),
  B(JumpIfToBooleanFalse), U8(5),
  B(LdaSmi), U8(1),
  B(Return),
  B(LdaSmi), U8(2),
  B(Return),
]
constant pool: [
]
handlers: [
]

