#
# Autogenerated by generate-bytecode-expectations.
#

---
pool type: string
execute: yes
wrap: yes

---
snippet: "
  debugger;
"
frame size: 0
parameter count: 1
bytecode array length: 4
bytecodes: [
  B(StackCheck),
  B(Debugger),
  B(LdaUndefined),
  B(Return),
]
constant pool: [
]
handlers: [
]

