#
# Autogenerated by generate-bytecode-expectations.
#

---
pool type: mixed
execute: yes
wrap: yes

---
snippet: "
  return new.target;
"
frame size: 2
parameter count: 1
bytecode array length: 19
bytecodes: [
  B(Ldar), R(new_target),
  B(Star), R(0),
  B(StackCheck),
  B(Ldar), R(0),
  B(JumpIfNotHole), U8(11),
  B(LdaConstant), U8(0),
  B(Star), R(1),
  B(CallRuntime), U16(Runtime::kThrowReferenceError), R(1), U8(1),
  B(Return),
]
constant pool: [
  InstanceType::ONE_BYTE_INTERNALIZED_STRING_TYPE,
]
handlers: [
]

---
snippet: "
  new.target;
"
frame size: 2
parameter count: 1
bytecode array length: 20
bytecodes: [
  B(Ldar), R(new_target),
  B(Star), R(0),
  B(StackCheck),
  B(Ldar), R(0),
  B(JumpIfNotHole), U8(11),
  B(LdaConstant), U8(0),
  B(Star), R(1),
  B(CallRuntime), U16(Runtime::kThrowReferenceError), R(1), U8(1),
  B(LdaUndefined),
  B(Return),
]
constant pool: [
  InstanceType::ONE_BYTE_INTERNALIZED_STRING_TYPE,
]
handlers: [
]

