#
# Autogenerated by generate-bytecode-expectations.
#

---
pool type: number
execute: yes
wrap: yes

---
snippet: "
"
frame size: 0
parameter count: 1
bytecode array length: 3
bytecodes: [
  B(StackCheck),
  B(LdaUndefined),
  B(Return),
]
constant pool: [
]
handlers: [
]

---
snippet: "
  return;
"
frame size: 0
parameter count: 1
bytecode array length: 3
bytecodes: [
  B(StackCheck),
  B(LdaUndefined),
  B(Return),
]
constant pool: [
]
handlers: [
]

---
snippet: "
  return null;
"
frame size: 0
parameter count: 1
bytecode array length: 3
bytecodes: [
  B(StackCheck),
  B(LdaNull),
  B(Return),
]
constant pool: [
]
handlers: [
]

---
snippet: "
  return true;
"
frame size: 0
parameter count: 1
bytecode array length: 3
bytecodes: [
  B(StackCheck),
  B(LdaTrue),
  B(Return),
]
constant pool: [
]
handlers: [
]

---
snippet: "
  return false;
"
frame size: 0
parameter count: 1
bytecode array length: 3
bytecodes: [
  B(StackCheck),
  B(LdaFalse),
  B(Return),
]
constant pool: [
]
handlers: [
]

---
snippet: "
  return 0;
"
frame size: 0
parameter count: 1
bytecode array length: 3
bytecodes: [
  B(StackCheck),
  B(LdaZero),
  B(Return),
]
constant pool: [
]
handlers: [
]

---
snippet: "
  return +1;
"
frame size: 0
parameter count: 1
bytecode array length: 4
bytecodes: [
  B(StackCheck),
  B(LdaSmi), U8(1),
  B(Return),
]
constant pool: [
]
handlers: [
]

---
snippet: "
  return -1;
"
frame size: 0
parameter count: 1
bytecode array length: 4
bytecodes: [
  B(StackCheck),
  B(LdaSmi), U8(-1),
  B(Return),
]
constant pool: [
]
handlers: [
]

---
snippet: "
  return +127;
"
frame size: 0
parameter count: 1
bytecode array length: 4
bytecodes: [
  B(StackCheck),
  B(LdaSmi), U8(127),
  B(Return),
]
constant pool: [
]
handlers: [
]

---
snippet: "
  return -128;
"
frame size: 0
parameter count: 1
bytecode array length: 4
bytecodes: [
  B(StackCheck),
  B(LdaSmi), U8(-128),
  B(Return),
]
constant pool: [
]
handlers: [
]

